Submitted batch job 1853655
Submitted batch job 1853656
Submitted batch job 1853657
Submitted batch job 1853658


###############################################################################
Peregrine Cluster
Job 1853654 for user 'p274981'
Finished at: Tue Aug  7 13:12:25 CEST 2018

Job details:
============

Name                : loopjob_pro2.bash
User                : p274981
Partition           : regular
Nodes               : pg-node062
Cores               : 1
State               : COMPLETED
Submit              : 2018-08-07T13:12:24
Start               : 2018-08-07T13:12:25
End                 : 2018-08-07T13:12:25
Reserved walltime   : 00:30:00
Used walltime       : --
Used CPU time       : --
% User (Computation): 40.82%
% System (I/O)      : 58.16%
Mem reserved        : 2000M/core
Max Mem used        : 0.00  (pg-node062)
Max Disk Write      : 0.00  (pg-node062)
Max Disk Read       : 0.00  (pg-node062)


Acknowledgements:
=================

Please see this page if you want to acknowledge Peregrine in your publications:

https://redmine.hpc.rug.nl/redmine/projects/peregrine/wiki/ScientificOutput

################################################################################
